// Vitest Snapshot v1, https://vitest.dev/guide/snapshot.html

exports[`solid cutouts > 2×2 solid with 3×2 grid array of circles 1`] = `2076`;

exports[`solid cutouts > 2×2 solid with chamfered + scooped rectangle cutout 1`] = `2028`;

exports[`solid cutouts > 2×2 solid with chamfered circle cutout 1`] = `1932`;

exports[`solid cutouts > 2×2 solid with chamfered ellipse cutout 1`] = `2416`;

exports[`solid cutouts > 2×2 solid with chamfered hexagon cutout 1`] = `1616`;

exports[`solid cutouts > 2×2 solid with chamfered path cutout 1`] = `1572`;

exports[`solid cutouts > 2×2 solid with chamfered rectangle cutout 1`] = `1620`;

exports[`solid cutouts > 2×2 solid with chamfered slot cutout 1`] = `2088`;

exports[`solid cutouts > 2×2 solid with circle cutout 1`] = `2040`;

exports[`solid cutouts > 2×2 solid with curved path cutout (bezier handles) 1`] = `1700`;

exports[`solid cutouts > 2×2 solid with ellipse cutout 1`] = `1812`;

exports[`solid cutouts > 2×2 solid with grouped cutouts 1`] = `1568`;

exports[`solid cutouts > 2×2 solid with hexagon (polygon) cutout 1`] = `1580`;

exports[`solid cutouts > 2×2 solid with hexagon cutout + insertion clearance 1`] = `1584`;

exports[`solid cutouts > 2×2 solid with path cutout + insertion clearance 1`] = `1564`;

exports[`solid cutouts > 2×2 solid with path cutout having closing bezier curve 1`] = `1740`;

exports[`solid cutouts > 2×2 solid with radial array (rotate-to-center) 1`] = `2080`;

exports[`solid cutouts > 2×2 solid with rectangle cutout 1`] = `1568`;

exports[`solid cutouts > 2×2 solid with rectangle with scoop cutout 1`] = `1872`;

exports[`solid cutouts > 2×2 solid with rectangle, edge gate disables a single wall 1`] = `2002`;

exports[`solid cutouts > 2×2 solid with rectangle, split scoop (W only) cuts only left/right walls 1`] = `1676`;

exports[`solid cutouts > 2×2 solid with rotated 45° cutout 1`] = `1580`;

exports[`solid cutouts > 2×2 solid with rounded-rectangle cutout 1`] = `1708`;

exports[`solid cutouts > 2×2 solid with scooped path cutout 1`] = `2796`;

exports[`solid cutouts > 2×2 solid with slot (stadium) cutout 1`] = `1728`;

exports[`solid cutouts > 2×2 solid with staggered hex array 1`] = `1668`;

exports[`solid cutouts > 2×2 solid with topOffset 1`] = `1820`;

exports[`solid cutouts > 2×2 solid with triangular path cutout 1`] = `1560`;
