// Vitest Snapshot v1, https://vitest.dev/guide/snapshot.html

exports[`open sides > 2x1x4 circle leaves a half-round notch through the +X wall 1`] = `1634`;

exports[`open sides > 2x1x4 entry chamfer flares the channel mouth 1`] = `1684`;

exports[`open sides > 2x1x4 keyhole: 6mm channel out of a 20mm pocket 1`] = `1596`;

exports[`open sides > 2x1x4 leaned pocket keeps its wall 1`] = `1560`;

exports[`open sides > 2x1x4 open pocket loses its scoop 1`] = `1564`;

exports[`open sides > 2x1x4 open side is ignored under a tapered wall 1`] = `1740`;

exports[`open sides > 2x1x4 pocket open on two adjacent walls breaches both 1`] = `1586`;

exports[`open sides > 2x1x4 pocket open right breaches the +X wall and lip 1`] = `1564`;

exports[`open sides > 2x1x4 pocket rotated 90° opens through the front wall 1`] = `1564`;

exports[`open sides > 2x1x4 pocket turned 30° still leaves through the +X wall 1`] = `1584`;

exports[`open sides > 2x1x4 repeat array opens every copy 1`] = `1836`;

exports[`open sides > 2x1x4 rotate-to-centre repeat opens each turned copy 1`] = `1644`;

exports[`open sides > 2x1x4 solid with an enclosed pocket 1`] = `1556`;

exports[`open sides > 2x1x4 tunnel keeps the wall and lip above the pocket 1`] = `1556`;

exports[`open sides > 2x1x4 union group leaves at its combined width 1`] = `1490`;

exports[`open sides > U block: a channel stops at the arm it leaves, not the far arm 1`] = `3458`;

exports[`open sides > corner index block holds a framing square 1`] = `2300`;
